[www.arweave.org/favicon-183x183.png]
[backblue.gif]
[fade.gif]
[index.html]
[www.arweave.org/_next/static/i7Xj6GfF5r_58-L4nmTsx/pages/index.js]
[www.arweave.org/_next/static/i7Xj6GfF5r_58-L4nmTsx/pages/_app.js]
[www.arweave.org/_next/static/runtime/webpack-4b444dab214c6491079c.js]
[www.arweave.org/_next/static/chunks/framework.74d547792b3163b4d6d2.js]
[www.arweave.org/_next/static/chunks/commons.e1b69cf0a3cc0939da95.js]
[www.arweave.org/_next/static/chunks/styles.bc31dfa577ab08b57ec7.js]
[www.arweave.org/_next/static/runtime/main-14158424e320e9015c34.js]
[www.arweave.org/_next/static/chunks/19f04a9b796e424c765f3cb793172671c5508aed.f82a7512238213d7a666.js]
[www.arweave.org/_next/static/chunks/e9c1f90aeb2ecf49bdfdfd6be627c00b4b1e79b8.2eb151bd2f2284728ac6.js]
[www.arweave.org/images/builders/webarchive.png]
[www.arweave.org/images/builders/feedweave.png]
[www.arweave.org/images/builders/weavemail.png]
[www.arweave.org/images/builders/ownerless.png]
[www.arweave.org/images/builders/permaweb.png]
[www.arweave.org/images/icons/drag-cursor.png]
[www.arweave.org/images/partners/pn-techstar.png]
[www.arweave.org/images/partners/pn-usv.png]
[www.arweave.org/images/partners/pn-1kx.png]
[www.arweave.org/images/partners/pn-multicoin.png]
[www.arweave.org/images/partners/pn-coinbase.png]
[www.arweave.org/images/partners/pn-iwf.png]
[www.arweave.org/images/partners/pn-a16z.png]
[www.arweave.org/files/arweave-press-kit-2020.zip]
[www.arweave.org/_next/static/runtime/polyfills-96869248ef99c4565383.js]
[www.arweave.org/index.html]
[www.arweave.org/_next/static/i7Xj6GfF5r_58-L4nmTsx/_buildManifest.js]
[www.arweave.org/_next/static/css/styles.45c59fcd.chunk.css]
[www.arweave.org/images/icons/close.svg]
[www.arweave.org/nav-logo.svg]
[www.arweave.org/wallet.html]
[www.arweave.org/footer-logo.svg]
[www.arweave.org/_next/static/i7Xj6GfF5r_58-L4nmTsx/pages/wallet.js]
[www.arweave.org/_next/static/i7Xj6GfF5r_58-L4nmTsx/pages/technology.js]
[www.arweave.org/yellow-paper.pdf]
[www.arweave.org/files/arweave-lightpaper.pdf]
[www.arweave.org/images/diagram/storage-endowment.png]
[www.arweave.org/technology.html]
[www.arweave.org/images/diagram/permaweb-layers-vertical.png]
[www.arweave.org/build.html]
[www.arweave.org/_next/static/i7Xj6GfF5r_58-L4nmTsx/pages/build.js]
[www.arweave.org/mine/start.html]
[www.arweave.org/_next/static/i7Xj6GfF5r_58-L4nmTsx/pages/mine/start.js]
[www.arweave.org/_next/static/i7Xj6GfF5r_58-L4nmTsx/pages/mine/optimise.js]
[www.arweave.org/pages/mine/optimise/mine-info.png]
[www.arweave.org/mine/optimise.html]
[www.arweave.org/pages/mine/optimise/MiningOnTheArweave.pdf]
[www.arweave.org/mine/learn-more.html]
[www.arweave.org/_next/static/i7Xj6GfF5r_58-L4nmTsx/pages/mine/learn-more.js]
[www.arweave.org/get-involved/community.html]
[www.arweave.org/_next/static/i7Xj6GfF5r_58-L4nmTsx/pages/get-involved/community.js]
[www.arweave.org/_next/static/i7Xj6GfF5r_58-L4nmTsx/pages/get-involved/grants-funding.js]
[www.arweave.org/get-involved/grants-funding.html]
[www.arweave.org/images/diagram/ar-value.png]
[www.arweave.org/cookies-policy.html]
[www.arweave.org/_next/static/i7Xj6GfF5r_58-L4nmTsx/pages/cookies-policy.js]
